Console initialized.
UDP Initialized
Exe: 13:01:46 Nov 15 2025
1907.3 megabyte heap
Invalid joysticknum value
No joysticks found
7662k surface cache
Detected video mode 2
Couldn't load 'localization/loc_english.txt'
execing quake.rc
execing default.cfg
execing config.cfg
execing autoexec.cfg
execing halflife.cfg
3 demo(s) in loop
Playing demo from demo1.dem.
the Necropolis
Using protocol 15
file for music/track02.wv not found
You got the shells
You got the Grenade Launcher
]map e1m8

FITZQUAKE 0.85 SERVER(21744 CRC)
Ziggurat Vertigo
Using protocol 666
file for music/track10.wv not found
godmode ON
An unholy ward surrounds you ...
No weapon.
You got armor
You got the nails
monster_wizard
monster_ogre
monster_ogre
noclip ON
monster_ogre
monster_wizard
monster_wizard
monster_ogre
monster_ogre
monster_ogre
monster_ogre
monster_wizard
monster_wizard
monster_ogre
monster_ogre
monster_ogre
monster_ogre
monster_wizard
monster_wizard
monster_ogre
monster_ogre
monster_ogre
monster_ogre
monster_wizard
monster_wizard
monster_ogre
monster_ogre
monster_ogre
monster_ogre
monster_wizard
monster_wizard
monster_ogre
monster_ogre
monster_ogre
monster_ogre
monster_wizard
monster_wizard
monster_ogre
monster_ogre
monster_ogre
monster_ogre
monster_wizard
monster_wizard
monster_ogre
monster_ogre
monster_ogre
monster_ogre
monster_wizard
monster_wizard
monster_ogre
monster_ogre
monster_ogre
monster_ogre
monster_wizard
monster_wizard
monster_ogre
monster_ogre
monster_ogre
monster_ogre
monster_wizard
monster_wizard
monster_ogre
monster_ogre
monster_ogre
monster_ogre
monster_wizard
monster_wizard
monster_ogre
monster_ogre
monster_ogre
monster_ogre
noclip OFF
Protection is almost burned out ...
monster_wizard
monster_wizard
monster_ogre
monster_ogre
monster_ogre
monster_ogre
monster_wizard
monster_wizard
monster_ogre
monster_ogre
monster_ogre
monster_ogre
monster_wizard
monster_wizard
monster_ogre
monster_ogre
monster_ogre
monster_ogre
monster_wizard
monster_wizard
monster_ogre
monster_ogre
monster_ogre
monster_ogre
monster_wizard
monster_wizard
monster_ogre
monster_ogre
monster_ogre
monster_ogre
monster_wizard
monster_wizard
monster_ogre
monster_ogre
monster_ogre
monster_ogre
monster_wizard
monster_wizard
monster_ogre
monster_ogre
monster_ogre
monster_ogre
monster_wizard
monster_wizard
monster_ogre
monster_ogre
monster_ogre
monster_ogre
monster_ogre
monster_wizard
monster_wizard
monster_ogre
monster_ogre
monster_ogre
monster_ogre
monster_ogre
monster_wizard
monster_wizard
monster_ogre
monster_ogre
monster_ogre
monster_ogre
monster_wizard
monster_ogre
monster_ogre
monster_ogre
monster_ogre
monster_wizard
monster_ogre
monster_ogre
monster_ogre
monster_ogre
monster_wizard
monster_ogre
monster_ogre
monster_ogre
monster_ogre
noclip ON
noclip OFF
noclip ON
noclip OFF
You got 1 rocket
You got 1 rocket
You got 1 rocket
Hit something!
Hit something!
Hit something!
Hit something!
Hit something!
Hit something!
Hit something!
Hit something!
Hit something!
Hit something!
Hit something!
Hit something!
Hit something!
Hit something!
Hit something!
Hit something!
Hit something!
Hit something!
Hit something!
Hit something!
Hit something!
Hit something!
Wrote ./HalfLife/config.cfg
